<html>
<body>
<pre>
<h1>µVision Build Log</h1>
<h2>Project:</h2>
C:\Users\user\OneDrive - Faculty of Engineering Ain Shams University\Desktop\team64\leds\leds.uvproj
Project File Date:  06/06/2021

<h2>Output:</h2>
Build target 'Target 1'
assembling startup_TM4C123.s...
compiling main.c...
main.c(10): warning:  #550-D: variable "delay" was set but never used
                uint32_t delay;
main.c(45): warning:  #1-D: last line of file ends without a newline
        }
main.c: 2 warnings, 0 errors
linking...
Program Size: Code=684 RO-data=636 RW-data=0 ZI-data=608  
".\leds.axf" - 0 Error(s), 2 Warning(s).
